// 同步 ID: 31fc9354 @ Tue Jul 21 08:03:22 UTC 2026
// 同步 ID: cc8bea3b @ Tue Jul 21 17:11:07 UTC 2026
// 重构日志: 8644290f
// 重构日志: 7543fec7
// 重构日志: 47d4c3fc
// 重构日志: 24f042ef
// 重构日志: 8214937d
// 重构日志: 7a6bc6a5
// 重构日志: 0e2d65bf
// 重构日志: e54b52a3
// 重构日志: 3a9af759
// 同步 ID: 6fdd49c7 @ Wed Jul 29 01:08:26 UTC 2026
// 重构日志: 7d1e5633
// 重构日志: 67c42992
// 重构日志: e020242b
// 重构日志: 380afa8b
// 同步 ID: acb96071 @ Thu Jul 30 17:16:44 UTC 2026
// 重构日志: 9e66ce9c
// 同步 ID: 016f6afb @ Sat Aug  1 08:09:32 UTC 2026
// 重构日志: 53fecc91
// 重构日志: 23b66af7
// 重构日志: 78999eb3
// 同步 ID: b356c2ae @ Sun Aug  2 08:02:02 UTC 2026
// 重构日志: 74ae2ea3
// 重构日志: 876997d9
// 重构日志: 041f363e
// 重构日志: 0ef7634f
// 重构日志: b2d597ef
// 重构日志: e4bc091e
// 同步 ID: 2635ac6c @ Tue Aug  4 13:18:39 UTC 2026
// 重构日志: 7cc7ad4d
// 重构日志: db64bd8a
// 重构日志: c3167529
// 重构日志: ffab8229
// 重构日志: 3011f50c
// 重构日志: 61f479fb
// 重构日志: 3e296b09
